     VMA      LMA     Size Align Out     In      Symbol
       0        0 80200000     1 . = 0x80200000
80200000 80200000      4ec     2 .text
80200000 80200000        e     2         /tmp/kernel-408595.o:(.text.boot)
80200000 80200000        0     1                 .L0 
80200000 80200000        0     1                 .L0 
80200000 80200000        0     1                 $x
80200000 80200000        0     1                 .L0 
80200000 80200000        e     1                 boot
8020000e 8020000e        0     1                 .L0 
8020000e 8020000e        0     1                 .L0 
8020000e 8020000e      338     2         /tmp/kernel-408595.o:(.text)
8020000e 8020000e        0     1                 .L0 
8020000e 8020000e        0     1                 .L0 
8020000e 8020000e        0     1                 $x
8020000e 8020000e        0     1                 .L0 
8020000e 8020000e        6     1                 sbi_call
80200012 80200012        0     1                 .L0 
80200014 80200014        0     1                 .L0 
80200014 80200014        0     1                 .L0 
80200014 80200014        0     1                 .L0 
80200014 80200014       14     1                 putchar
80200026 80200026        0     1                 .L0 
80200028 80200028        0     1                 .L0 
80200028 80200028        0     1                 .L0 
80200028 80200028        0     1                 .L0 
80200028 80200028       16     1                 getchar
8020003c 8020003c        0     1                 .L0 
8020003e 8020003e        0     1                 .L0 
8020003e 8020003e        0     1                 .L0 
8020003e 8020003e        0     1                 .L0 
8020003e 8020003e       1e     1                 readchar
8020004a 8020004a        0     1                 .L0 
8020004a 8020004a        0     1                 .L0 
8020004a 8020004a        0     1                 .L0 
80200052 80200052        0     1                 .L0 
80200056 80200056        0     1                 .L0 
80200056 80200056        0     1                 .L0 
8020005c 8020005c        0     1                 .L0 
8020005c 8020005c        0     1                 .L0 
8020005c 8020005c        0     1                 .L0 
8020005c 8020005c        0     1                 .L0 
8020005c 8020005c        0     1                 .L0 
8020005c 8020005c       70     1                 readlong
80200064 80200064        0     1                 .L0 
80200074 80200074        0     1                 .L0 
80200074 80200074        0     1                 .L0 
80200074 80200074        0     1                 .L0 
80200088 80200088        0     1                 .L0 
80200088 80200088        0     1                 .L0 
8020008c 8020008c        0     1                 .L0 
8020008c 8020008c        0     1                 .L0 
80200094 80200094        0     1                 .L0 
80200096 80200096        0     1                 .L0 
8020009a 8020009a        0     1                 .L0 
802000a4 802000a4        0     1                 .L0 
802000a4 802000a4        0     1                 .L0 
802000a6 802000a6        0     1                 .L0 
802000a6 802000a6        0     1                 .L0 
802000a8 802000a8        0     1                 .L0 
802000a8 802000a8        0     1                 .L0 
802000a8 802000a8        0     1                 .L0 
802000ba 802000ba        0     1                 .L0 
802000ba 802000ba        0     1                 .L0 
802000be 802000be        0     1                 .L0 
802000be 802000be        0     1                 .L0 
802000c0 802000c0        0     1                 .L0 
802000c0 802000c0        0     1                 .L0 
802000c2 802000c2        0     1                 .L0 
802000c2 802000c2        0     1                 .L0 
802000c6 802000c6        0     1                 .L0 
802000c6 802000c6        0     1                 .L0 
802000c8 802000c8        0     1                 .L0 
802000c8 802000c8        0     1                 .L0 
802000cc 802000cc        0     1                 .L0 
802000cc 802000cc        0     1                 .L0 
802000cc 802000cc        0     1                 .L0 
802000cc 802000cc        0     1                 .L0 
802000cc 802000cc        0     1                 .L0 
802000cc 802000cc       1e     1                 getsbi
802000e0 802000e0        0     1                 .L0 
802000e0 802000e0        0     1                 .L0 
802000e8 802000e8        0     1                 .L0 
802000ea 802000ea        0     1                 .L0 
802000ea 802000ea        0     1                 .L0 
802000ea 802000ea        0     1                 .L0 
802000ea 802000ea        0     1                 .L0 
802000ea 802000ea        0     1                 .L0 
802000ea 802000ea       92     1                 hartgetstatus
80200102 80200102        0     1                 .L0 
80200102 80200102        0     1                 .L0 
80200102 80200102        0     1                 .L0 
80200116 80200116        0     1                 .L0 
80200116 80200116        0     1                 .L0 
8020011a 8020011a        0     1                 .L0 
8020011a 8020011a        0     1                 .L0 
80200122 80200122        0     1                 .L0 
80200124 80200124        0     1                 .L0 
80200128 80200128        0     1                 .L0 
80200132 80200132        0     1                 .L0 
80200132 80200132        0     1                 .L0 
80200134 80200134        0     1                 .L0 
80200134 80200134        0     1                 .L0 
80200136 80200136        0     1                 .L0 
80200136 80200136        0     1                 .L0 
80200136 80200136        0     1                 .L0 
80200148 80200148        0     1                 .L0 
80200148 80200148        0     1                 .L0 
8020014c 8020014c        0     1                 .L0 
8020014c 8020014c        0     1                 .L0 
8020014e 8020014e        0     1                 .L0 
8020014e 8020014e        0     1                 .L0 
80200150 80200150        0     1                 .L0 
80200150 80200150        0     1                 .L0 
80200154 80200154        0     1                 .L0 
80200154 80200154        0     1                 .L0 
8020015c 8020015c        0     1                 .L0 
8020015c 8020015c        0     1                 .L0 
8020016c 8020016c        0     1                 .L0 
8020016e 8020016e        0     1                 .L0 
8020016e 8020016e        0     1                 .L0 
80200178 80200178        0     1                 .L0 
8020017a 8020017a        0     1                 .L0 
8020017c 8020017c        0     1                 .L0 
8020017c 8020017c        0     1                 .L0 
8020017c 8020017c        0     1                 .L0 
8020017c 8020017c        0     1                 .L0 
8020017c 8020017c        0     1                 .L0 
8020017c 8020017c       24     1                 hartstop
80200184 80200184        0     1                 .L0 
80200184 80200184        0     1                 .L0 
80200196 80200196        0     1                 .L0 
80200196 80200196        0     1                 .L0 
8020019e 8020019e        0     1                 .L0 
802001a0 802001a0        0     1                 .L0 
802001a0 802001a0        0     1                 .L0 
802001a0 802001a0        0     1                 .L0 
802001a0 802001a0        0     1                 .L0 
802001a0 802001a0        0     1                 .L0 
802001a0 802001a0       1e     1                 shutdown
802001b4 802001b4        0     1                 .L0 
802001b4 802001b4        0     1                 .L0 
802001bc 802001bc        0     1                 .L0 
802001be 802001be        0     1                 .L0 
802001be 802001be        0     1                 .L0 
802001be 802001be        0     1                 .L0 
802001be 802001be        0     1                 .L0 
802001be 802001be        0     1                 .L0 
802001be 802001be      188     1                 kernel_main
80200202 80200202        0     1                 .L0 
80200202 80200202        0     1                 .L0 
80200202 80200202        0     1                 .L0 
80200206 80200206        0     1                 .L0 
80200206 80200206        0     1                 .L0 
80200218 80200218        0     1                 .L0 
8020021a 8020021a        0     1                 .L0 
8020021a 8020021a        0     1                 .L0 
80200224 80200224        0     1                 .L0 
80200224 80200224        0     1                 .L0 
80200224 80200224        0     1                 .L0 
80200228 80200228        0     1                 .L0 
80200228 80200228        0     1                 .L0 
8020022c 8020022c        0     1                 .L0 
8020022c 8020022c        0     1                 .L0 
8020022c 8020022c        0     1                 .L0 
80200240 80200240        0     1                 .L0 
80200240 80200240        0     1                 .L0 
80200244 80200244        0     1                 .L0 
80200244 80200244        0     1                 .L0 
8020024c 8020024c        0     1                 .L0 
8020024e 8020024e        0     1                 .L0 
80200252 80200252        0     1                 .L0 
8020025c 8020025c        0     1                 .L0 
8020025c 8020025c        0     1                 .L0 
8020025e 8020025e        0     1                 .L0 
8020025e 8020025e        0     1                 .L0 
80200260 80200260        0     1                 .L0 
80200260 80200260        0     1                 .L0 
80200260 80200260        0     1                 .L0 
80200272 80200272        0     1                 .L0 
80200272 80200272        0     1                 .L0 
80200276 80200276        0     1                 .L0 
80200276 80200276        0     1                 .L0 
80200278 80200278        0     1                 .L0 
80200278 80200278        0     1                 .L0 
8020027a 8020027a        0     1                 .L0 
8020027a 8020027a        0     1                 .L0 
8020027e 8020027e        0     1                 .L0 
8020027e 8020027e        0     1                 .L0 
8020028a 8020028a        0     1                 .L0 
8020028e 8020028e        0     1                 .L0 
8020028e 8020028e        0     1                 .L0 
8020028e 8020028e        0     1                 .L0 
802002a2 802002a2        0     1                 .L0 
802002a2 802002a2        0     1                 .L0 
802002a6 802002a6        0     1                 .L0 
802002a6 802002a6        0     1                 .L0 
802002ae 802002ae        0     1                 .L0 
802002b0 802002b0        0     1                 .L0 
802002b4 802002b4        0     1                 .L0 
802002be 802002be        0     1                 .L0 
802002be 802002be        0     1                 .L0 
802002c0 802002c0        0     1                 .L0 
802002c2 802002c2        0     1                 .L0 
802002c2 802002c2        0     1                 .L0 
802002c2 802002c2        0     1                 .L0 
802002d4 802002d4        0     1                 .L0 
802002d4 802002d4        0     1                 .L0 
802002d8 802002d8        0     1                 .L0 
802002d8 802002d8        0     1                 .L0 
802002da 802002da        0     1                 .L0 
802002da 802002da        0     1                 .L0 
802002dc 802002dc        0     1                 .L0 
802002dc 802002dc        0     1                 .L0 
802002dc 802002dc        0     1                 .L0 
802002e6 802002e6        0     1                 .L0 
802002e6 802002e6        0     1                 .L0 
802002ea 802002ea        0     1                 .L0 
802002fa 802002fa        0     1                 .L0 
802002fa 802002fa        0     1                 .L0 
80200304 80200304        0     1                 .L0 
80200304 80200304        0     1                 .L0 
80200306 80200306        0     1                 .L0 
80200306 80200306        0     1                 .L0 
80200306 80200306        0     1                 .L0 
8020030a 8020030a        0     1                 .L0 
8020031a 8020031a        0     1                 .L0 
8020031a 8020031a        0     1                 .L0 
80200324 80200324        0     1                 .L0 
80200324 80200324        0     1                 .L0 
80200326 80200326        0     1                 .L0 
80200326 80200326        0     1                 .L0 
80200326 80200326        0     1                 .L0 
8020032a 8020032a        0     1                 .L0 
8020033a 8020033a        0     1                 .L0 
8020033a 8020033a        0     1                 .L0 
80200344 80200344        0     1                 .L0 
80200344 80200344        0     1                 .L0 
80200346 80200346        0     1                 .L0 
80200346 80200346        0     1                 .L0 
80200346 80200346        0     1                 .L0 
80200346 80200346      1a6     2         /tmp/common-baa8f7.o:(.text)
80200346 80200346        0     1                 .L0 
80200346 80200346        0     1                 .L0 
80200346 80200346        0     1                 $x
80200346 80200346        0     1                 .L0 
80200346 80200346      1a6     1                 printf
80200374 80200374        0     1                 .L0 
8020039c 8020039c        0     1                 .L0 
8020039c 8020039c        0     1                 .L0 
802003a0 802003a0        0     1                 .L0 
802003a0 802003a0        0     1                 .L0 
802003a2 802003a2        0     1                 .L0 
802003a2 802003a2        0     1                 .L0 
802003a6 802003a6        0     1                 .L0 
802003ae 802003ae        0     1                 .L0 
802003ae 802003ae        0     1                 .L0 
802003b0 802003b0        0     1                 .L0 
802003b0 802003b0        0     1                 .L0 
802003b2 802003b2        0     1                 .L0 
802003b4 802003b4        0     1                 .L0 
802003b4 802003b4        0     1                 .L0 
802003b8 802003b8        0     1                 .L0 
802003ba 802003ba        0     1                 .L0 
802003ca 802003ca        0     1                 .L0 
802003ca 802003ca        0     1                 .L0 
802003d6 802003d6        0     1                 .L0 
802003d6 802003d6        0     1                 .L0 
802003da 802003da        0     1                 .L0 
802003da 802003da        0     1                 .L0 
802003dc 802003dc        0     1                 .L0 
802003e2 802003e2        0     1                 .L0 
802003e2 802003e2        0     1                 .L0 
802003e2 802003e2        0     1                 .L0 
802003ea 802003ea        0     1                 .L0 
802003ea 802003ea        0     1                 .L0 
802003f4 802003f4        0     1                 .L0 
802003f4 802003f4        0     1                 .L0 
802003f8 802003f8        0     1                 .L0 
802003f8 802003f8        0     1                 .L0 
802003fa 802003fa        0     1                 .L0 
802003fe 802003fe        0     1                 .L0 
80200400 80200400        0     1                 .L0 
80200400 80200400        0     1                 .L0 
80200406 80200406        0     1                 .L0 
80200406 80200406        0     1                 .L0 
80200408 80200408        0     1                 .L0 
8020040c 8020040c        0     1                 .L0 
8020040e 8020040e        0     1                 .L0 
8020040e 8020040e        0     1                 .L0 
80200414 80200414        0     1                 .L0 
80200414 80200414        0     1                 .L0 
80200416 80200416        0     1                 .L0 
8020041a 8020041a        0     1                 .L0 
8020041c 8020041c        0     1                 .L0 
8020041c 8020041c        0     1                 .L0 
80200422 80200422        0     1                 .L0 
80200422 80200422        0     1                 .L0 
80200424 80200424        0     1                 .L0 
80200428 80200428        0     1                 .L0 
8020042a 8020042a        0     1                 .L0 
8020042a 8020042a        0     1                 .L0 
80200430 80200430        0     1                 .L0 
80200430 80200430        0     1                 .L0 
80200432 80200432        0     1                 .L0 
80200436 80200436        0     1                 .L0 
80200438 80200438        0     1                 .L0 
80200438 80200438        0     1                 .L0 
8020043e 8020043e        0     1                 .L0 
8020043e 8020043e        0     1                 .L0 
80200440 80200440        0     1                 .L0 
80200444 80200444        0     1                 .L0 
80200446 80200446        0     1                 .L0 
80200446 80200446        0     1                 .L0 
8020044c 8020044c        0     1                 .L0 
8020044c 8020044c        0     1                 .L0 
8020044e 8020044e        0     1                 .L0 
80200452 80200452        0     1                 .L0 
80200454 80200454        0     1                 .L0 
80200454 80200454        0     1                 .L0 
80200456 80200456        0     1                 .L0 
80200456 80200456        0     1                 .L0 
80200458 80200458        0     1                 .L0 
8020045c 8020045c        0     1                 .L0 
8020045c 8020045c        0     1                 .L0 
8020045e 8020045e        0     1                 .L0 
8020045e 8020045e        0     1                 .L0 
80200460 80200460        0     1                 .L0 
80200462 80200462        0     1                 .L0 
80200462 80200462        0     1                 .L0 
80200462 80200462        0     1                 .L0 
8020046c 8020046c        0     1                 .L0 
8020046c 8020046c        0     1                 .L0 
80200470 80200470        0     1                 .L0 
80200476 80200476        0     1                 .L0 
80200476 80200476        0     1                 .L0 
80200476 80200476        0     1                 .L0 
8020047c 8020047c        0     1                 .L0 
8020047c 8020047c        0     1                 .L0 
80200480 80200480        0     1                 .L0 
80200482 80200482        0     1                 .L0 
80200486 80200486        0     1                 .L0 
80200486 80200486        0     1                 .L0 
80200486 80200486        0     1                 .L0 
8020048c 8020048c        0     1                 .L0 
8020048c 8020048c        0     1                 .L0 
80200490 80200490        0     1                 .L0 
80200490 80200490        0     1                 .L0 
80200492 80200492        0     1                 .L0 
80200496 80200496        0     1                 .L0 
80200496 80200496        0     1                 .L0 
80200498 80200498        0     1                 .L0 
80200498 80200498        0     1                 .L0 
80200498 80200498        0     1                 .L0 
8020049c 8020049c        0     1                 .L0 
802004a0 802004a0        0     1                 .L0 
802004a4 802004a4        0     1                 .L0 
802004a4 802004a4        0     1                 .L0 
802004a4 802004a4        0     1                 .L0 
802004a6 802004a6        0     1                 .L0 
802004a6 802004a6        0     1                 .L0 
802004aa 802004aa        0     1                 .L0 
802004ae 802004ae        0     1                 .L0 
802004b4 802004b4        0     1                 .L0 
802004b4 802004b4        0     1                 .L0 
802004bc 802004bc        0     1                 .L0 
802004c2 802004c2        0     1                 .L0 
802004c2 802004c2        0     1                 .L0 
802004c8 802004c8        0     1                 .L0 
802004c8 802004c8        0     1                 .L0 
802004c8 802004c8        0     1                 .L0 
802004ce 802004ce        0     1                 .L0 
802004ce 802004ce        0     1                 .L0 
802004ce 802004ce        0     1                 .L0 
802004d2 802004d2        0     1                 .L0 
802004e8 802004e8        0     1                 .L0 
802004ec 802004ec        0     1                 .L0 
802004ec 802004ec        0     1                 .L0 
802004ec 802004ec       f4     4 .rodata
802004ec 802004ec       f4     1         <internal>:(.rodata.str1.1)
802005e0 802005e0        0     4 .bss
802005e0 802005e0        0     1         __bss = .
802005e0 802005e0        0     1         __bss_end = .
802005e0 802005e0        0     1 . = ALIGN ( 4 )
802005e0 802005e0    20000     1 . += 128 * 1024
802205e0 802205e0        0     1 __stack_top = .
       0        0      550     1 .debug_loclists
       0        0      43a     1         /tmp/kernel-408595.o:(.debug_loclists)
       0        0        0     1                 $d
       c        c        0     1                 .L0 
     43a      43a      116     1         /tmp/common-baa8f7.o:(.debug_loclists)
     43a      43a        0     1                 $d
     446      446        0     1                 .L0 
       0        0      2c8     1 .debug_abbrev
       0        0      1d5     1         /tmp/kernel-408595.o:(.debug_abbrev)
       0        0        0     1                 $d
     1d5      1d5       f3     1         /tmp/common-baa8f7.o:(.debug_abbrev)
     1d5      1d5        0     1                 $d
       0        0      ca7     1 .debug_info
       0        0      b75     1         /tmp/kernel-408595.o:(.debug_info)
       0        0        0     1                 $d
     b75      b75      132     1         /tmp/common-baa8f7.o:(.debug_info)
     b75      b75        0     1                 $d
       0        0       66     1 .debug_rnglists
       0        0       4b     1         /tmp/kernel-408595.o:(.debug_rnglists)
       0        0        0     1                 $d
       c        c        0     1                 .L0 
      4b       4b       1b     1         /tmp/common-baa8f7.o:(.debug_rnglists)
      4b       4b        0     1                 $d
      57       57        0     1                 .L0 
       0        0      104     1 .debug_str_offsets
       0        0       b8     1         /tmp/kernel-408595.o:(.debug_str_offsets)
       0        0        0     1                 $d
       8        8        0     1                 .L0 
      b8       b8       4c     1         /tmp/common-baa8f7.o:(.debug_str_offsets)
      b8       b8        0     1                 $d
      c0       c0        0     1                 .L0 
       0        0      175     1 .debug_str
       0        0      175     1         <internal>:(.debug_str)
       0        0       fc     1 .debug_addr
       0        0       ac     1         /tmp/kernel-408595.o:(.debug_addr)
       0        0        0     1                 $d
       8        8        0     1                 .L0 
      ac       ac       50     1         /tmp/common-baa8f7.o:(.debug_addr)
      ac       ac        0     1                 $d
      b4       b4        0     1                 .L0 
       0        0       29     1 .comment
       0        0       29     1         <internal>:(.comment)
       0        0       34     1 .riscv.attributes
       0        0       34     1         <internal>:(.riscv.attributes)
       0        0      138     4 .debug_frame
       0        0       f4     4         /tmp/kernel-408595.o:(.debug_frame)
       0        0        0     1                 .L0 
       0        0        0     1                 $d
      f4       f4       44     4         /tmp/common-baa8f7.o:(.debug_frame)
      f4       f4        0     1                 .L0 
      f4       f4        0     1                 $d
       0        0      5d5     1 .debug_line
       0        0      354     1         /tmp/kernel-408595.o:(.debug_line)
       0        0        0     1                 .Lline_table_start0
       0        0        0     1                 $d
     354      354      281     1         /tmp/common-baa8f7.o:(.debug_line)
     354      354        0     1                 .Lline_table_start0
     354      354        0     1                 $d
       0        0       4f     1 .debug_line_str
       0        0       4f     1         <internal>:(.debug_line_str)
       0        0      2f0     4 .symtab
       0        0      2f0     4         <internal>:(.symtab)
       0        0       d6     1 .shstrtab
       0        0       d6     1         <internal>:(.shstrtab)
       0        0       f0     1 .strtab
       0        0       f0     1         <internal>:(.strtab)
